ARM Linker, 5.03 [Build 76] [MDK-ARM Standard]

==============================================================================

Section Cross References

    application.o(.text) refers to platform.o(.text) for platform_init
    application.o(.text) refers to control.o(.text) for control_init
    application.o(.text) refers to eeprom.o(.text) for eeprom_init
    application.o(.text) refers to parameter.o(.text) for load_parameter
    application.o(.text) refers to relay.o(.text) for relay_init
    application.o(.text) refers to switch.o(.text) for switch_init
    application.o(.text) refers to meter.o(.text) for meter_init
    application.o(.text) refers to global.o(.text) for global_variable_init
    application.o(.text) refers to com_thread.o(.text) for start_com_thread
    application.o(.text) refers to work_thread.o(.text) for start_work_thread
    application.o(.text) refers to thread.o(.text) for rt_thread_create
    application.o(.text) refers to kservice.o(.text) for rt_kprintf
    application.o(.text) refers to application.o(.constdata) for __FUNCTION__
    startup.o(.text) refers to board.o(.text) for rt_hw_board_init
    startup.o(.text) refers to kservice.o(.text) for rt_show_version
    startup.o(.text) refers to mem.o(.text) for rt_system_heap_init
    startup.o(.text) refers to scheduler.o(.text) for rt_system_scheduler_init
    startup.o(.text) refers to application.o(.text) for rt_application_init
    startup.o(.text) refers to timer.o(.text) for rt_system_timer_init
    startup.o(.text) refers to idle.o(.text) for rt_thread_idle_init
    startup.o(.text) refers to context_rvds.o(.text) for rt_hw_interrupt_disable
    global.o(.text) refers to ipc.o(.text) for rt_sem_create
    global.o(.text) refers to kservice.o(.text) for rt_kprintf
    global.o(.text) refers to global.o(.bss) for g_test_content
    global.o(.text) refers to global.o(.data) for g_sem_test_content
    global.o(.text) refers to global.o(.constdata) for __FUNCTION__
    parameter.o(.text) refers to eeprom.o(.text) for eeprom_read
    parameter.o(.text) refers to memcpya.o(.text) for __aeabi_memcpy
    parameter.o(.text) refers to parameter.o(.bss) for g_parameter_struct
    parameter.o(.text) refers to parameter.o(.constdata) for s_default_parameter
    board.o(.text) refers to irq.o(.text) for rt_interrupt_enter
    board.o(.text) refers to clock.o(.text) for rt_tick_increase
    board.o(.text) refers to lpc17xx_clkpwr.o(.text) for CLKPWR_ConfigPPWR
    board.o(.text) refers to console_uart.o(.text) for rt_console_uart_init
    board.o(.text) refers to kservice.o(.text) for rt_console_set_device
    board.o(.text) refers to system_lpc17xx.o(.data) for SystemCoreClock
    meter.o(.text) refers to dev_adc.o(.text) for dev_adc_init
    meter.o(.text) refers to device.o(.text) for rt_device_find
    meter.o(.text) refers to kservice.o(.text) for rt_kprintf
    meter.o(.text) refers to meter.o(.data) for s_dev_adc
    meter.o(.text) refers to meter.o(.constdata) for __FUNCTION__
    relay.o(.text) refers to dev_relay.o(.text) for dev_relay_init
    relay.o(.text) refers to device.o(.text) for rt_device_find
    relay.o(.text) refers to kservice.o(.text) for rt_kprintf
    relay.o(.text) refers to relay.o(.data) for s_dev_relay
    relay.o(.text) refers to relay.o(.constdata) for __FUNCTION__
    switch.o(.text) refers to dev_switch.o(.text) for dev_switch_init
    switch.o(.text) refers to device.o(.text) for rt_device_find
    switch.o(.text) refers to kservice.o(.text) for rt_kprintf
    switch.o(.text) refers to switch.o(.data) for s_dev_switch
    switch.o(.text) refers to switch.o(.constdata) for __FUNCTION__
    control.o(.text) refers to dev_pwm.o(.text) for dev_pwm_init
    control.o(.text) refers to device.o(.text) for rt_device_find
    control.o(.text) refers to kservice.o(.text) for rt_kprintf
    control.o(.text) refers to control.o(.data) for s_dev_pwm
    control.o(.text) refers to control.o(.constdata) for __FUNCTION__
    com_port.o(.text) refers to kservice.o(.text) for rt_kprintf
    com_port.o(.text) refers to device.o(.text) for rt_device_read
    com_port.o(.text) refers to timer.o(.text) for rt_timer_control
    com_port.o(.text) refers to context_rvds.o(.text) for rt_hw_interrupt_disable
    com_port.o(.text) refers to dev_uart.o(.text) for dev_uart_init
    com_port.o(.text) refers to clock.o(.text) for rt_tick_from_millisecond
    com_port.o(.text) refers to com_port.o(.data) for s_dev_uart
    com_port.o(.text) refers to com_port.o(.constdata) for __FUNCTION__
    com_port.o(.text) refers to com_port.o(.bss) for s_recv_struct
    24cxx.o(.text) refers to i2c.o(.text) for InitI2CMaster
    i2c.o(.text) refers to lpc17xx_pinsel.o(.text) for PINSEL_ConfigPin
    i2c.o(.text) refers to lpc17xx_i2c.o(.text) for I2C_Init
    eeprom.o(.text) refers to dev_eeprom.o(.text) for dev_eeprom_init
    eeprom.o(.text) refers to device.o(.text) for rt_device_find
[...]
    rtos\slab.c                              0x00000000   Number         0  slab.o ABSOLUTE
    rtos\thread.c                            0x00000000   Number         0  thread.o ABSOLUTE
    rtos\timer.c                             0x00000000   Number         0  timer.o ABSOLUTE
    thread\com_thread.c                      0x00000000   Number         0  com_thread.o ABSOLUTE
    thread\work_thread.c                     0x00000000   Number         0  work_thread.o ABSOLUTE
    .ARM.Collect$$$$00000000                 0x000000cc   Section        0  entry.o(.ARM.Collect$$$$00000000)
    .ARM.Collect$$$$00000001                 0x000000cc   Section        4  entry2.o(.ARM.Collect$$$$00000001)
    .ARM.Collect$$$$00000004                 0x000000d0   Section        4  entry5.o(.ARM.Collect$$$$00000004)
    .ARM.Collect$$$$00000008                 0x000000d4   Section        0  entry7b.o(.ARM.Collect$$$$00000008)
    .ARM.Collect$$$$0000000A                 0x000000d4   Section        0  entry8b.o(.ARM.Collect$$$$0000000A)
    .ARM.Collect$$$$0000000B                 0x000000d4   Section        8  entry9a.o(.ARM.Collect$$$$0000000B)
    .ARM.Collect$$$$0000000D                 0x000000dc   Section        0  entry10a.o(.ARM.Collect$$$$0000000D)
    .ARM.Collect$$$$0000000F                 0x000000dc   Section        0  entry11a.o(.ARM.Collect$$$$0000000F)
    .ARM.Collect$$$$00002712                 0x000000dc   Section        4  entry2.o(.ARM.Collect$$$$00002712)
    __lit__00000000                          0x000000dc   Data           4  entry2.o(.ARM.Collect$$$$00002712)
    .emb_text                                0x000000e0   Section       16  cpuport.o(.emb_text)
    .text                                    0x000000f0   Section        0  application.o(.text)
    quick_charge_test                        0x000000f1   Thumb Code     2  application.o(.text)
    .text                                    0x000001b0   Section        0  platform.o(.text)
    .text                                    0x000001b4   Section        0  startup.o(.text)
    .text                                    0x000001f8   Section        0  global.o(.text)
    i.__scatterload_null                     0x000002f8   Section        2  handlers.o(i.__scatterload_null)
    .ARM.__at_0x02FC                         0x000002fc   Section        4  startup_lpc17xx.o(.ARM.__at_0x02FC)
    .text                                    0x00000300   Section        0  packet.o(.text)
    build_packet                             0x00000301   Thumb Code    68  packet.o(.text)
    .text                                    0x00000540   Section        0  parameter.o(.text)
    .text                                    0x000005bc   Section        0  board.o(.text)
    NVIC_SetPriority                         0x000005bd   Thumb Code    32  board.o(.text)
    gpio_enable                              0x000005f5   Thumb Code    12  board.o(.text)
    .text                                    0x00000670   Section        0  meter.o(.text)
    .text                                    0x0000080c   Section        0  relay.o(.text)
    .text                                    0x000009d8   Section        0  switch.o(.text)
    .text                                    0x00000b04   Section        0  control.o(.text)
    .text                                    0x00000ca0   Section        0  com_port.o(.text)
    data_receive_indicate                    0x00000ca1   Thumb Code   684  com_port.o(.text)
    timer_callback                           0x00000f4d   Thumb Code    28  com_port.o(.text)
    .text                                    0x000010c8   Section        0  24cxx.o(.text)
    Write24CxxByteInternal                   0x000010d5   Thumb Code   226  24cxx.o(.text)
    Read24CxxByteInternal                    0x000011d7   Thumb Code   204  24cxx.o(.text)
    Write24CxxDataPageInternal               0x000012c3   Thumb Code   248  24cxx.o(.text)
    Write24CxxDataPage                       0x000013bb   Thumb Code    38  24cxx.o(.text)
    Read24CxxDataInternal                    0x00001467   Thumb Code   302  24cxx.o(.text)
    .text                                    0x000015c4   Section        0  i2c.o(.text)
    .text                                    0x000016ac   Section        0  eeprom.o(.text)
    .text                                    0x000017b0   Section        0  clock.o(.text)
    .text                                    0x00001814   Section        0  device.o(.text)
    .text                                    0x00001c4c   Section        0  idle.o(.text)
    rt_thread_idle_entry                     0x00001cfd   Thumb Code     8  idle.o(.text)
    rt_list_isempty                          0x00001d2b   Thumb Code    16  idle.o(.text)
    .text                                    0x00001da0   Section        0  ipc.o(.text)
    rt_list_insert_before                    0x00001da1   Thumb Code    14  ipc.o(.text)
    rt_ipc_list_suspend                      0x00001daf   Thumb Code   108  ipc.o(.text)
    rt_ipc_list_resume_all                   0x00001e1b   Thumb Code    50  ipc.o(.text)
    rt_list_isempty                          0x0000289f   Thumb Code    16  ipc.o(.text)
    rt_ipc_object_init                       0x000028af   Thumb Code    16  ipc.o(.text)
    rt_ipc_list_resume                       0x000028bf   Thumb Code    24  ipc.o(.text)
    .text                                    0x000028dc   Section        0  irq.o(.text)
    .text                                    0x00002924   Section        0  kservice.o(.text)
    print_number                             0x00002bd7   Thumb Code   368  kservice.o(.text)
    skip_atoi                                0x00002d47   Thumb Code    42  kservice.o(.text)
    .text                                    0x0000329c   Section        0  mem.o(.text)
    plug_holes                               0x0000329d   Thumb Code   214  mem.o(.text)
    .text                                    0x00003b9c   Section        0  object.o(.text)
    rt_list_insert_after                     0x00003b9d   Thumb Code    14  object.o(.text)
    rt_list_remove                           0x00003bab   Thumb Code    18  object.o(.text)
    .text                                    0x00003e6c   Section        0  scheduler.o(.text)
    _rt_scheduler_stack_check                0x00003e6d   Thumb Code    96  scheduler.o(.text)
    rt_list_init                             0x000040c7   Thumb Code     6  scheduler.o(.text)
    .text                                    0x0000417c   Section        0  thread.o(.text)
    rt_list_insert_after                     0x0000417d   Thumb Code    14  thread.o(.text)
    rt_list_remove                           0x0000418b   Thumb Code    18  thread.o(.text)
    rt_thread_exit                           0x0000419d   Thumb Code    76  thread.o(.text)
    _rt_thread_init                          0x0000424f   Thumb Code   164  thread.o(.text)
    .text                                    0x00004834   Section        0  timer.o(.text)
    rt_list_insert_after                     0x00004835   Thumb Code    14  timer.o(.text)
    _rt_timer_init                           0x00004843   Thumb Code    66  timer.o(.text)
    rt_timer_list_next_timeout               0x00004885   Thumb Code    28  timer.o(.text)
    _rt_timer_remove                         0x000048a1   Thumb Code    46  timer.o(.text)
    rt_timer_count_height                    0x000048cf   Thumb Code    36  timer.o(.text)
    rt_thread_timer_entry                    0x00004db9   Thumb Code    70  timer.o(.text)
    rt_list_init                             0x00004e51   Thumb Code     6  timer.o(.text)
    rt_list_isempty                          0x00004e57   Thumb Code    16  timer.o(.text)
    .text                                    0x00004e84   Section        0  cpuport.o(.text)
    .text                                    0x00005130   Section      236  context_rvds.o(.text)
    .text                                    0x0000521c   Section       36  startup_lpc17xx.o(.text)
    .text                                    0x00005240   Section        0  system_lpc17xx.o(.text)
    .text                                    0x00005474   Section        0  lpc17xx_adc.o(.text)
    .text                                    0x000055b0   Section        0  lpc17xx_clkpwr.o(.text)
    .text                                    0x00005700   Section        0  lpc17xx_i2c.o(.text)
    I2C_getNum                               0x00005701   Thumb Code    38  lpc17xx_i2c.o(.text)
    I2C_Start                                0x00005727   Thumb Code    32  lpc17xx_i2c.o(.text)
    I2C_Stop                                 0x00005747   Thumb Code    22  lpc17xx_i2c.o(.text)
    I2C_SendByte                             0x0000575d   Thumb Code    72  lpc17xx_i2c.o(.text)
    I2C_GetByte                              0x000057a5   Thumb Code    32  lpc17xx_i2c.o(.text)
    I2C_SetClock                             0x000057c5   Thumb Code    76  lpc17xx_i2c.o(.text)
    NVIC_EnableIRQ                           0x00005fab   Thumb Code    24  lpc17xx_i2c.o(.text)
    NVIC_DisableIRQ                          0x00005fc3   Thumb Code    38  lpc17xx_i2c.o(.text)
    .text                                    0x00005fe8   Section        0  lpc17xx_pinsel.o(.text)
    set_PinFunc                              0x00005fe9   Thumb Code    60  lpc17xx_pinsel.o(.text)
    set_ResistorMode                         0x00006025   Thumb Code    62  lpc17xx_pinsel.o(.text)
    set_OpenDrainMode                        0x00006063   Thumb Code    44  lpc17xx_pinsel.o(.text)
    .text                                    0x000060e8   Section        0  lpc17xx_pwm.o(.text)
    .text                                    0x00006440   Section        0  lpc17xx_uart.o(.text)
    uart_set_divisors                        0x00006441   Thumb Code   370  lpc17xx_uart.o(.text)
    .text                                    0x00006c40   Section        0  console_uart.o(.text)
    uart1_init                               0x00006cc5   Thumb Code   152  console_uart.o(.text)
    rt_uart_init                             0x00006d5d   Thumb Code    16  console_uart.o(.text)
    rt_uart_open                             0x00006d6d   Thumb Code    72  console_uart.o(.text)
    rt_uart_close                            0x00006db5   Thumb Code    64  console_uart.o(.text)
    rt_uart_read                             0x00006df5   Thumb Code   150  console_uart.o(.text)
    rt_uart_write                            0x00006e8b   Thumb Code   102  console_uart.o(.text)
    .text                                    0x00006fa8   Section        0  dev_adc.o(.text)
    adc_init                                 0x00006fa9   Thumb Code   288  dev_adc.o(.text)
    rt_dev_adc_init                          0x000070c9   Thumb Code    12  dev_adc.o(.text)
    rt_dev_adc_open                          0x000070d5   Thumb Code     6  dev_adc.o(.text)
    rt_dev_adc_close                         0x000070db   Thumb Code     6  dev_adc.o(.text)
    rt_dev_adc_read                          0x000070e1   Thumb Code     8  dev_adc.o(.text)
    rt_dev_adc_write                         0x000070e9   Thumb Code     8  dev_adc.o(.text)
    rt_dev_adc_control                       0x000070f1   Thumb Code   270  dev_adc.o(.text)
    .text                                    0x00007254   Section        0  dev_relay.o(.text)
    relay_load_on                            0x00007255   Thumb Code    10  dev_relay.o(.text)
    relay_load_off                           0x0000725f   Thumb Code    10  dev_relay.o(.text)
    relay_empty_on                           0x00007269   Thumb Code     8  dev_relay.o(.text)
    relay_empty_off                          0x00007271   Thumb Code     8  dev_relay.o(.text)
    relay_ac_on                              0x00007279   Thumb Code     8  dev_relay.o(.text)
    relay_ac_off                             0x00007281   Thumb Code     8  dev_relay.o(.text)
    relay_gpio_init                          0x00007289   Thumb Code    46  dev_relay.o(.text)
    rt_dev_relay_init                        0x000072b7   Thumb Code    12  dev_relay.o(.text)
    rt_dev_relay_open                        0x000072c3   Thumb Code     6  dev_relay.o(.text)
    rt_dev_relay_close                       0x000072c9   Thumb Code     6  dev_relay.o(.text)
    rt_dev_relay_read                        0x000072cf   Thumb Code     8  dev_relay.o(.text)
    rt_dev_relay_write                       0x000072d7   Thumb Code     8  dev_relay.o(.text)
    rt_dev_relay_control                     0x000072df   Thumb Code    84  dev_relay.o(.text)
    .text                                    0x00007394   Section        0  dev_switch.o(.text)
    switch_to_channel_0                      0x00007395   Thumb Code    18  dev_switch.o(.text)
    switch_to_channel_1                      0x000073a7   Thumb Code    18  dev_switch.o(.text)
    switch_to_channel_2                      0x000073b9   Thumb Code    18  dev_switch.o(.text)
    switch_to_channel_3                      0x000073cb   Thumb Code    18  dev_switch.o(.text)
    switch_to_channel_4                      0x000073dd   Thumb Code    18  dev_switch.o(.text)
    switch_to_channel_5                      0x000073ef   Thumb Code    18  dev_switch.o(.text)
    switch_to_channel_6                      0x00007401   Thumb Code    18  dev_switch.o(.text)
    switch_to_channel_7                      0x00007413   Thumb Code    18  dev_switch.o(.text)
    switch_gpio_init                         0x00007425   Thumb Code    72  dev_switch.o(.text)
    rt_dev_switch_init                       0x0000746d   Thumb Code    12  dev_switch.o(.text)
    rt_dev_switch_open                       0x00007479   Thumb Code     6  dev_switch.o(.text)
    rt_dev_switch_close                      0x0000747f   Thumb Code     6  dev_switch.o(.text)
    rt_dev_switch_read                       0x00007485   Thumb Code     8  dev_switch.o(.text)
    rt_dev_switch_write                      0x0000748d   Thumb Code     8  dev_switch.o(.text)
    rt_dev_switch_control                    0x00007495   Thumb Code    76  dev_switch.o(.text)
    .text                                    0x00007548   Section        0  dev_pwm.o(.text)
    pwm_init                                 0x00007549   Thumb Code   494  dev_pwm.o(.text)
    rt_dev_pwm_init                          0x00007737   Thumb Code    14  dev_pwm.o(.text)
    rt_dev_pwm_open                          0x00007745   Thumb Code     6  dev_pwm.o(.text)
    rt_dev_pwm_close                         0x0000774b   Thumb Code     6  dev_pwm.o(.text)
    rt_dev_pwm_read                          0x00007751   Thumb Code     8  dev_pwm.o(.text)
    rt_dev_pwm_write                         0x00007759   Thumb Code     8  dev_pwm.o(.text)
    rt_dev_pwm_control                       0x00007761   Thumb Code   216  dev_pwm.o(.text)
    .text                                    0x00007890   Section        0  dev_uart.o(.text)
    uart3_isr                                0x00007891   Thumb Code   144  dev_uart.o(.text)
    uart3_init                               0x00007931   Thumb Code   152  dev_uart.o(.text)
    rt_dev_uart_init                         0x000079c9   Thumb Code    16  dev_uart.o(.text)
    rt_dev_uart_open                         0x000079d9   Thumb Code    72  dev_uart.o(.text)
    rt_dev_uart_close                        0x00007a21   Thumb Code    64  dev_uart.o(.text)
    rt_dev_uart_read                         0x00007a61   Thumb Code   150  dev_uart.o(.text)
    rt_dev_uart_write                        0x00007af7   Thumb Code   102  dev_uart.o(.text)
    rt_dev_uart_control                      0x00007b5d   Thumb Code    68  dev_uart.o(.text)
    .text                                    0x00007c64   Section        0  dev_eeprom.o(.text)
    rt_eeprom_init                           0x00007c65   Thumb Code    12  dev_eeprom.o(.text)
    rt_eeprom_open                           0x00007c71   Thumb Code     6  dev_eeprom.o(.text)
    rt_eeprom_close                          0x00007c77   Thumb Code     6  dev_eeprom.o(.text)
    rt_eeprom_read                           0x00007c7d   Thumb Code    40  dev_eeprom.o(.text)
    rt_eeprom_write                          0x00007ca5   Thumb Code    36  dev_eeprom.o(.text)
    .text                                    0x00007d18   Section        0  com_thread.o(.text)
    packet_receive_callback                  0x00007d19   Thumb Code    54  com_thread.o(.text)
    com_thread_entry                         0x00007d4f   Thumb Code  1916  com_thread.o(.text)
    .text                                    0x00008604   Section        0  work_thread.o(.text)
    try_set_voltage                          0x00008729   Thumb Code    74  work_thread.o(.text)
    try_set_current                          0x00008773   Thumb Code    88  work_thread.o(.text)
    try_set_resist                           0x000087cb   Thumb Code   128  work_thread.o(.text)
    adjust_voltage_current                   0x0000884b   Thumb Code   384  work_thread.o(.text)
    switch_to_qc_20_default_level            0x000089cb   Thumb Code    16  work_thread.o(.text)
    switch_to_qc_20_5v_level                 0x000089db   Thumb Code    54  work_thread.o(.text)
    switch_to_qc_20_9v_level                 0x00008a11   Thumb Code    56  work_thread.o(.text)
    switch_to_qc_20_12v_level                0x00008a49   Thumb Code    54  work_thread.o(.text)
    switch_to_qc_20_20v_level                0x00008a7f   Thumb Code    58  work_thread.o(.text)
    switch_to_qc_20_voltage_level            0x00008ab9   Thumb Code   196  work_thread.o(.text)
    switch_to_mtk_5v_level                   0x00008b7d   Thumb Code     2  work_thread.o(.text)
    switch_to_mtk_9v_level                   0x00008b7f   Thumb Code     2  work_thread.o(.text)
    switch_to_mtk_12v_level                  0x00008b81   Thumb Code     2  work_thread.o(.text)
    switch_to_mtk_20v_level                  0x00008b83   Thumb Code     2  work_thread.o(.text)
    switch_to_mtk_voltage_level              0x00008b85   Thumb Code    84  work_thread.o(.text)
    work_thread_entry                        0x00008bd9   Thumb Code  6468  work_thread.o(.text)
    .text                                    0x0000a5ac   Section        0  uldiv.o(.text)
    .text                                    0x0000a60e   Section        0  memcpya.o(.text)
    .text                                    0x0000a632   Section        0  llshl.o(.text)
    .text                                    0x0000a650   Section        0  llushr.o(.text)
    .text                                    0x0000a670   Section       36  init.o(.text)
    i.__scatterload_copy                     0x0000a694   Section       14  handlers.o(i.__scatterload_copy)
    i.__scatterload_zeroinit                 0x0000a6a2   Section       14  handlers.o(i.__scatterload_zeroinit)
    .constdata                               0x0000a6b0   Section       20  application.o(.constdata)
    __FUNCTION__                             0x0000a6b0   Data          20  application.o(.constdata)
    .constdata                               0x0000a6c4   Section       21  global.o(.constdata)
    __FUNCTION__                             0x0000a6c4   Data          21  global.o(.constdata)
    .constdata                               0x0000a6d9   Section       16  parameter.o(.constdata)
    .constdata                               0x0000a6e9   Section      149  meter.o(.constdata)
    __FUNCTION__                             0x0000a6e9   Data          11  meter.o(.constdata)
    __FUNCTION__                             0x0000a6f4   Data          26  meter.o(.constdata)
    __FUNCTION__                             0x0000a70e   Data          26  meter.o(.constdata)
    __FUNCTION__                             0x0000a728   Data          21  meter.o(.constdata)
    __FUNCTION__                             0x0000a73d   Data          35  meter.o(.constdata)
    __FUNCTION__                             0x0000a760   Data          30  meter.o(.constdata)
    .constdata                               0x0000a77e   Section       96  relay.o(.constdata)
    __FUNCTION__                             0x0000a77e   Data          11  relay.o(.constdata)
    __FUNCTION__                             0x0000a789   Data          14  relay.o(.constdata)
    __FUNCTION__                             0x0000a797   Data          15  relay.o(.constdata)
    __FUNCTION__                             0x0000a7a6   Data          15  relay.o(.constdata)
    __FUNCTION__                             0x0000a7b5   Data          16  relay.o(.constdata)
    __FUNCTION__                             0x0000a7c5   Data          12  relay.o(.constdata)
    __FUNCTION__                             0x0000a7d1   Data          13  relay.o(.constdata)
    .constdata                               0x0000a7de   Section       59  switch.o(.constdata)
    __FUNCTION__                             0x0000a7de   Data          12  switch.o(.constdata)
    __FUNCTION__                             0x0000a7ea   Data          14  switch.o(.constdata)
    __FUNCTION__                             0x0000a7f8   Data          15  switch.o(.constdata)
    __FUNCTION__                             0x0000a807   Data          18  switch.o(.constdata)
    .constdata                               0x0000a819   Section      136  control.o(.constdata)
    __FUNCTION__                             0x0000a819   Data          13  control.o(.constdata)
    __FUNCTION__                             0x0000a826   Data          25  control.o(.constdata)
    __FUNCTION__                             0x0000a83f   Data          25  control.o(.constdata)
    __FUNCTION__                             0x0000a858   Data          26  control.o(.constdata)
    __FUNCTION__                             0x0000a872   Data          26  control.o(.constdata)
    __FUNCTION__                             0x0000a88c   Data          21  control.o(.constdata)
    .constdata                               0x0000a8a1   Section       51  com_port.o(.constdata)
    __FUNCTION__                             0x0000a8a1   Data          22  com_port.o(.constdata)
    __FUNCTION__                             0x0000a8b7   Data          14  com_port.o(.constdata)
    __FUNCTION__                             0x0000a8c5   Data          15  com_port.o(.constdata)
    .constdata                               0x0000a8d4   Section       37  eeprom.o(.constdata)
    __FUNCTION__                             0x0000a8d4   Data          12  eeprom.o(.constdata)
    __FUNCTION__                             0x0000a8e0   Data          13  eeprom.o(.constdata)
    __FUNCTION__                             0x0000a8ed   Data          12  eeprom.o(.constdata)
    .constdata                               0x0000a8f9   Section      168  device.o(.constdata)
    __FUNCTION__                             0x0000a8f9   Data          21  device.o(.constdata)
    __FUNCTION__                             0x0000a90e   Data          15  device.o(.constdata)
    __FUNCTION__                             0x0000a91d   Data          15  device.o(.constdata)
    __FUNCTION__                             0x0000a92c   Data          16  device.o(.constdata)
    __FUNCTION__                             0x0000a93c   Data          15  device.o(.constdata)
    __FUNCTION__                             0x0000a94b   Data          16  device.o(.constdata)
    __FUNCTION__                             0x0000a95b   Data          18  device.o(.constdata)
    __FUNCTION__                             0x0000a96d   Data          26  device.o(.constdata)
    __FUNCTION__                             0x0000a987   Data          26  device.o(.constdata)
    .constdata                               0x0000a9a1   Section       22  idle.o(.constdata)
    __FUNCTION__                             0x0000a9a1   Data          22  idle.o(.constdata)
    .constdata                               0x0000a9b7   Section      180  ipc.o(.constdata)
    __FUNCTION__                             0x0000a9b7   Data          12  ipc.o(.constdata)
    __FUNCTION__                             0x0000a9c3   Data          14  ipc.o(.constdata)
    __FUNCTION__                             0x0000a9d1   Data          14  ipc.o(.constdata)
    __FUNCTION__                             0x0000a9df   Data          14  ipc.o(.constdata)
    __FUNCTION__                             0x0000a9ed   Data          12  ipc.o(.constdata)
    __FUNCTION__                             0x0000a9f9   Data          15  ipc.o(.constdata)
    __FUNCTION__                             0x0000aa08   Data          11  ipc.o(.constdata)
    __FUNCTION__                             0x0000aa13   Data          13  ipc.o(.constdata)
    __FUNCTION__                             0x0000aa20   Data          13  ipc.o(.constdata)
    __FUNCTION__                             0x0000aa2d   Data          13  ipc.o(.constdata)
    __FUNCTION__                             0x0000aa3a   Data          11  ipc.o(.constdata)
    __FUNCTION__                             0x0000aa45   Data          13  ipc.o(.constdata)
    __FUNCTION__                             0x0000aa52   Data          11  ipc.o(.constdata)
    __FUNCTION__                             0x0000aa5d   Data          14  ipc.o(.constdata)
    .constdata                               0x0000aa6b   Section       34  kservice.o(.constdata)
    small_digits                             0x0000aa6b   Data          17  kservice.o(.constdata)
    large_digits                             0x0000aa7c   Data          17  kservice.o(.constdata)
    .constdata                               0x0000aa90   Section      312  mem.o(.constdata)
    __FUNCTION__                             0x0000aa90   Data          11  mem.o(.constdata)
    __FUNCTION__                             0x0000aa9b   Data          20  mem.o(.constdata)
    __FUNCTION__                             0x0000aaaf   Data          10  mem.o(.constdata)
    __FUNCTION__                             0x0000aab9   Data          11  mem.o(.constdata)
    __FUNCTION__                             0x0000aac4   Data          10  mem.o(.constdata)
    __FUNCTION__                             0x0000aace   Data           8  mem.o(.constdata)
    .constdata                               0x0000abc8   Section       94  object.o(.constdata)
    __FUNCTION__                             0x0000abc8   Data          17  object.o(.constdata)
    __FUNCTION__                             0x0000abd9   Data          19  object.o(.constdata)
    __FUNCTION__                             0x0000abec   Data          17  object.o(.constdata)
    __FUNCTION__                             0x0000abfd   Data          26  object.o(.constdata)
    __FUNCTION__                             0x0000ac17   Data          15  object.o(.constdata)
    .constdata                               0x0000ac26   Section       78  scheduler.o(.constdata)
    __FUNCTION__                             0x0000ac26   Data          26  scheduler.o(.constdata)
    __FUNCTION__                             0x0000ac40   Data          26  scheduler.o(.constdata)
    __FUNCTION__                             0x0000ac5a   Data          26  scheduler.o(.constdata)
    .constdata                               0x0000ac74   Section      170  thread.o(.constdata)
    __FUNCTION__                             0x0000ac74   Data          16  thread.o(.constdata)
    __FUNCTION__                             0x0000ac84   Data          15  thread.o(.constdata)
    __FUNCTION__                             0x0000ac93   Data          18  thread.o(.constdata)
    __FUNCTION__                             0x0000aca5   Data          17  thread.o(.constdata)
    __FUNCTION__                             0x0000acb6   Data          17  thread.o(.constdata)
    __FUNCTION__                             0x0000acc7   Data          16  thread.o(.constdata)
    __FUNCTION__                             0x0000acd7   Data          18  thread.o(.constdata)
    __FUNCTION__                             0x0000ace9   Data          18  thread.o(.constdata)
    __FUNCTION__                             0x0000acfb   Data          17  thread.o(.constdata)
    __FUNCTION__                             0x0000ad0c   Data          18  thread.o(.constdata)
    .constdata                               0x0000ad1e   Section       92  timer.o(.constdata)
    __FUNCTION__                             0x0000ad1e   Data          14  timer.o(.constdata)
    __FUNCTION__                             0x0000ad2c   Data          16  timer.o(.constdata)
    __FUNCTION__                             0x0000ad3c   Data          16  timer.o(.constdata)
    __FUNCTION__                             0x0000ad4c   Data          15  timer.o(.constdata)
    __FUNCTION__                             0x0000ad5b   Data          14  timer.o(.constdata)
    __FUNCTION__                             0x0000ad69   Data          17  timer.o(.constdata)
    .constdata                               0x0000ad7a   Section       19  cpuport.o(.constdata)
    __FUNCTION__                             0x0000ad7a   Data          19  cpuport.o(.constdata)
    .constdata                               0x0000ad8d   Section       40  console_uart.o(.constdata)
    __FUNCTION__                             0x0000ad8d   Data          13  console_uart.o(.constdata)
    __FUNCTION__                             0x0000ad9a   Data          14  console_uart.o(.constdata)
    __FUNCTION__                             0x0000ada8   Data          13  console_uart.o(.constdata)
    .constdata                               0x0000adb8   Section       24  dev_relay.o(.constdata)
    s_relay_on_func                          0x0000adb8   Data          12  dev_relay.o(.constdata)
    s_relay_off_func                         0x0000adc4   Data          12  dev_relay.o(.constdata)
    .constdata                               0x0000add0   Section       32  dev_switch.o(.constdata)
    s_switch_func                            0x0000add0   Data          32  dev_switch.o(.constdata)
    .constdata                               0x0000adf0   Section       72  dev_uart.o(.constdata)
    __FUNCTION__                             0x0000adf0   Data          17  dev_uart.o(.constdata)
    __FUNCTION__                             0x0000ae01   Data          18  dev_uart.o(.constdata)
    __FUNCTION__                             0x0000ae13   Data          17  dev_uart.o(.constdata)
    __FUNCTION__                             0x0000ae24   Data          20  dev_uart.o(.constdata)
    .constdata                               0x0000ae38   Section      156  com_thread.o(.constdata)
    __FUNCTION__                             0x0000ae38   Data          24  com_thread.o(.constdata)
    __FUNCTION__                             0x0000ae50   Data          17  com_thread.o(.constdata)
    __FUNCTION__                             0x0000ae61   Data          17  com_thread.o(.constdata)
    .constdata                               0x0000aed4   Section      377  work_thread.o(.constdata)
    __FUNCTION__                             0x0000aed4   Data          16  work_thread.o(.constdata)
    __FUNCTION__                             0x0000aee4   Data          16  work_thread.o(.constdata)
    __FUNCTION__                             0x0000aef4   Data          15  work_thread.o(.constdata)
    __FUNCTION__                             0x0000af03   Data          30  work_thread.o(.constdata)
    __FUNCTION__                             0x0000af21   Data          28  work_thread.o(.constdata)
    __FUNCTION__                             0x0000af3d   Data          18  work_thread.o(.constdata)
    __FUNCTION__                             0x0000af4f   Data          18  work_thread.o(.constdata)
    .data                                    0x10000000   Section        8  global.o(.data)
    .data                                    0x10000008   Section        4  meter.o(.data)
    s_dev_adc                                0x10000008   Data           4  meter.o(.data)
    .data                                    0x1000000c   Section        4  relay.o(.data)
    s_dev_relay                              0x1000000c   Data           4  relay.o(.data)
    .data                                    0x10000010   Section        4  switch.o(.data)
    s_dev_switch                             0x10000010   Data           4  switch.o(.data)
    .data                                    0x10000014   Section        4  control.o(.data)
    s_dev_pwm                                0x10000014   Data           4  control.o(.data)
    .data                                    0x10000018   Section       20  com_port.o(.data)
    s_dev_uart                               0x10000018   Data           4  com_port.o(.data)
    s_timer                                  0x1000001c   Data           4  com_port.o(.data)
    s_receive_callback                       0x10000020   Data           4  com_port.o(.data)
    s_left                                   0x10000024   Data           2  com_port.o(.data)
    s_sum                                    0x10000026   Data           1  com_port.o(.data)
    s_tick                                   0x10000028   Data           4  com_port.o(.data)
    .data                                    0x1000002c   Section        4  eeprom.o(.data)
    s_dev_eeprom                             0x1000002c   Data           4  eeprom.o(.data)
    .data                                    0x10000030   Section        4  clock.o(.data)
    rt_tick                                  0x10000030   Data           4  clock.o(.data)
    .data                                    0x10000034   Section        1  irq.o(.data)
    .data                                    0x10000038   Section        8  kservice.o(.data)
    _console_device                          0x10000038   Data           4  kservice.o(.data)
    _errno                                   0x1000003c   Data           4  kservice.o(.data)
    .data                                    0x10000040   Section       24  mem.o(.data)
    heap_ptr                                 0x10000040   Data           4  mem.o(.data)
    heap_end                                 0x10000044   Data           4  mem.o(.data)
    lfree                                    0x10000048   Data           4  mem.o(.data)
    mem_size_aligned                         0x1000004c   Data           4  mem.o(.data)
    used_mem                                 0x10000050   Data           4  mem.o(.data)
    max_mem                                  0x10000054   Data           4  mem.o(.data)
    .data                                    0x10000058   Section       80  object.o(.data)
    .data                                    0x100000a8   Section       24  scheduler.o(.data)
    rt_scheduler_lock_nest                   0x100000a8   Data           2  scheduler.o(.data)
    .data                                    0x100000c0   Section       20  timer.o(.data)
    random_nr                                0x100000c0   Data           4  timer.o(.data)
    rt_timer_list                            0x100000c4   Data           8  timer.o(.data)
    rt_soft_timer_list                       0x100000cc   Data           8  timer.o(.data)
    .data                                    0x100000d4   Section       16  cpuport.o(.data)
    rt_exception_hook                        0x100000d4   Data           4  cpuport.o(.data)
    .data                                    0x100000e4   Section        4  system_lpc17xx.o(.data)
    .data                                    0x100000e8   Section        4  lpc17xx_i2c.o(.data)
    I2C_MonitorBufferIndex                   0x100000e8   Data           4  lpc17xx_i2c.o(.data)
    .data                                    0x100000ec   Section        4  com_thread.o(.data)
    s_payload_queue                          0x100000ec   Data           4  com_thread.o(.data)
    .data                                    0x100000f0   Section        8  work_thread.o(.data)
    s_duty                                   0x100000f0   Data           4  work_thread.o(.data)
    s_max_duty                               0x100000f4   Data           4  work_thread.o(.data)
    .bss                                     0x100000f8   Section       28  global.o(.bss)
    .bss                                     0x10000114   Section       24  parameter.o(.bss)
    .bss                                     0x1000012c   Section       40  com_port.o(.bss)
    s_recv_struct                            0x1000012c   Data          40  com_port.o(.bss)
    .bss                                     0x10000154   Section      376  idle.o(.bss)
    idle                                     0x10000154   Data         120  idle.o(.bss)
    rt_thread_stack                          0x100001cc   Data         256  idle.o(.bss)
    .bss                                     0x100002cc   Section      128  kservice.o(.bss)
    rt_log_buf                               0x100002cc   Data         128  kservice.o(.bss)
    .bss                                     0x1000034c   Section       32  mem.o(.bss)
    heap_sem                                 0x1000034c   Data          32  mem.o(.bss)
    .bss                                     0x1000036c   Section      256  scheduler.o(.bss)
    .bss                                     0x1000046c   Section      632  timer.o(.bss)
    timer_thread                             0x1000046c   Data         120  timer.o(.bss)
    timer_thread_stack                       0x100004e4   Data         512  timer.o(.bss)
    .bss                                     0x100006e4   Section       48  lpc17xx_i2c.o(.bss)
    i2cdat                                   0x100006e4   Data          24  lpc17xx_i2c.o(.bss)
    I2C_MasterComplete                       0x100006fc   Data          12  lpc17xx_i2c.o(.bss)
    I2C_SlaveComplete                        0x10000708   Data          12  lpc17xx_i2c.o(.bss)
    .bss                                     0x10000714   Section      132  console_uart.o(.bss)
    uart_device                              0x10000714   Data         132  console_uart.o(.bss)
    .bss                                     0x10000798   Section       64  dev_adc.o(.bss)
    s_dev_adc                                0x10000798   Data          64  dev_adc.o(.bss)
    .bss                                     0x100007d8   Section       64  dev_relay.o(.bss)
    s_dev_relay                              0x100007d8   Data          64  dev_relay.o(.bss)
    .bss                                     0x10000818   Section       64  dev_switch.o(.bss)
    s_dev_switch                             0x10000818   Data          64  dev_switch.o(.bss)
    .bss                                     0x10000858   Section       64  dev_pwm.o(.bss)
    s_dev_pwm                                0x10000858   Data          64  dev_pwm.o(.bss)
    .bss                                     0x10000898   Section      132  dev_uart.o(.bss)
    s_dev_uart                               0x10000898   Data         132  dev_uart.o(.bss)
    .bss                                     0x1000091c   Section       64  dev_eeprom.o(.bss)
    s_dev_eeprom                             0x1000091c   Data          64  dev_eeprom.o(.bss)
    .bss                                     0x1000095c   Section       36  work_thread.o(.bss)
    s_test_status                            0x1000095c   Data          36  work_thread.o(.bss)
    STACK                                    0x10000980   Section      512  startup_lpc17xx.o(STACK)

    Global Symbols

    Symbol Name                              Value     Ov Type        Size  Object(Section)

    BuildAttributes$$THM_ISAv4$P$D$K$B$S$PE$A:L22UL41UL21$X:L11$S22US41US21$IEEE1$IW$USESV6$~STKCKD$USESV7$~SHL$OTIME$ROPI$EBA8$MICROLIB$REQ8$PRES8$EABIv2 0x00000000   Number         0  anon$$obj.o ABSOLUTE
    __ARM_use_no_argv                        0x00000000   Number         0  startup.o ABSOLUTE
    __Vectors                                0x00000000   Data           4  startup_lpc17xx.o(RESET)
    __cpp_initialize__aeabi_                  - Undefined Weak Reference
    __cxa_finalize                            - Undefined Weak Reference
    __decompress                              - Undefined Weak Reference
    _clock_init                               - Undefined Weak Reference
    _microlib_exit                            - Undefined Weak Reference
    __main                                   0x000000cd   Thumb Code     0  entry.o(.ARM.Collect$$$$00000000)
    _main_stk                                0x000000cd   Thumb Code     0  entry2.o(.ARM.Collect$$$$00000001)
    _main_scatterload                        0x000000d1   Thumb Code     0  entry5.o(.ARM.Collect$$$$00000004)
    __main_after_scatterload                 0x000000d5   Thumb Code     0  entry5.o(.ARM.Collect$$$$00000004)
    _main_clock                              0x000000d5   Thumb Code     0  entry7b.o(.ARM.Collect$$$$00000008)
    _main_cpp_init                           0x000000d5   Thumb Code     0  entry8b.o(.ARM.Collect$$$$0000000A)
    _main_init                               0x000000d5   Thumb Code     0  entry9a.o(.ARM.Collect$$$$0000000B)
    __rt_final_cpp                           0x000000dd   Thumb Code     0  entry10a.o(.ARM.Collect$$$$0000000D)
    __rt_final_exit                          0x000000dd   Thumb Code     0  entry11a.o(.ARM.Collect$$$$0000000F)
    __rt_ffs                                 0x000000e1   Thumb Code    16  cpuport.o(.emb_text)
    rt_init_thread_entry                     0x000000f3   Thumb Code    62  application.o(.text)
    rt_application_init                      0x00000131   Thumb Code    68  application.o(.text)
    platform_init                            0x000001b1   Thumb Code     2  platform.o(.text)
    rtthread_startup                         0x000001b5   Thumb Code    44  startup.o(.text)
    main                                     0x000001e1   Thumb Code    14  startup.o(.text)
    global_variable_init                     0x000001f9   Thumb Code   124  global.o(.text)
    __scatterload_null                       0x000002f9   Thumb Code     2  handlers.o(i.__scatterload_null)
    build_cv_test_cmd_ret_packet             0x00000345   Thumb Code    32  packet.o(.text)
    build_cc_test_cmd_ret_packet             0x00000365   Thumb Code    32  packet.o(.text)
    build_cr_test_cmd_ret_packet             0x00000385   Thumb Code    32  packet.o(.text)
    build_empty_load_test_cmd_ret_packet     0x000003a5   Thumb Code    32  packet.o(.text)
    build_over_current_test_cmd_ret_packet   0x000003c5   Thumb Code    32  packet.o(.text)
    build_short_test_cmd_ret_packet          0x000003e5   Thumb Code    32  packet.o(.text)
    build_discharge_test_cmd_ret_packet      0x00000405   Thumb Code    32  packet.o(.text)
    build_cv_mode_cmd_ret_packet             0x00000425   Thumb Code    32  packet.o(.text)
    build_cc_mode_cmd_ret_packet             0x00000445   Thumb Code    32  packet.o(.text)
    build_cr_mode_cmd_ret_packet             0x00000465   Thumb Code    32  packet.o(.text)
    build_poll_cmd_ret_packet                0x00000485   Thumb Code    64  packet.o(.text)
    build_stop_cmd_ret_packet                0x000004c5   Thumb Code    32  packet.o(.text)
    build_set_adjust_value_cmd_ret_packet    0x000004e5   Thumb Code    34  packet.o(.text)
    build_get_adjust_value_cmd_ret_packet    0x00000507   Thumb Code    58  packet.o(.text)
    load_parameter                           0x00000541   Thumb Code    50  parameter.o(.text)
    save_default_parameter                   0x00000573   Thumb Code    36  parameter.o(.text)
    save_parameter                           0x00000597   Thumb Code    24  parameter.o(.text)
    rt_hw_timer_handler                      0x000005dd   Thumb Code    16  board.o(.text)
    SysTick_Handler                          0x000005ed   Thumb Code     8  board.o(.text)
    rt_hw_board_init                         0x00000601   Thumb Code    90  board.o(.text)
    meter_init                               0x00000671   Thumb Code    62  meter.o(.text)
    meter_get_voltage_chn_val                0x000006af   Thumb Code    52  meter.o(.text)
    meter_get_current_chn_val                0x000006e3   Thumb Code    52  meter.o(.text)
    meter_get_ac_chn_val                     0x00000717   Thumb Code    52  meter.o(.text)
    meter_get_voltage_posotive_chn_val       0x0000074b   Thumb Code    52  meter.o(.text)
    meter_get_voltage_neg_chn_val            0x0000077f   Thumb Code    52  meter.o(.text)
    relay_init                               0x0000080d   Thumb Code    62  relay.o(.text)
    relay_load_on                            0x0000084b   Thumb Code    50  relay.o(.text)
    relay_load_off                           0x0000087d   Thumb Code    50  relay.o(.text)
    relay_empty_on                           0x000008af   Thumb Code    50  relay.o(.text)
    relay_empty_off                          0x000008e1   Thumb Code    50  relay.o(.text)
    relay_ac_on                              0x00000913   Thumb Code    50  relay.o(.text)
    relay_ac_off                             0x00000945   Thumb Code    50  relay.o(.text)
    switch_init                              0x000009d9   Thumb Code    62  switch.o(.text)
    switch_enable                            0x00000a17   Thumb Code    50  switch.o(.text)
    switch_disable                           0x00000a49   Thumb Code    50  switch.o(.text)
    switch_to_channel                        0x00000a7b   Thumb Code    52  switch.o(.text)
    control_init                             0x00000b05   Thumb Code    62  control.o(.text)
    control_set_voltage_duty                 0x00000b43   Thumb Code    52  control.o(.text)
    control_set_current_duty                 0x00000b77   Thumb Code    52  control.o(.text)
    control_set_dp_drive_duty                0x00000bab   Thumb Code    52  control.o(.text)
    control_set_dn_drive_duty                0x00000bdf   Thumb Code    52  control.o(.text)
    control_get_max_duty                     0x00000c13   Thumb Code    52  control.o(.text)
    com_port_init                            0x00000f69   Thumb Code   138  com_port.o(.text)
    com_port_write                           0x00000ff3   Thumb Code    56  com_port.o(.text)
    com_port_set_read_callback               0x0000102b   Thumb Code     6  com_port.o(.text)
    Init24Cxx                                0x000010c9   Thumb Code    12  24cxx.o(.text)
    Write24CxxByte                           0x000011b7   Thumb Code    32  24cxx.o(.text)
    Read24CxxByte                            0x000012a3   Thumb Code    32  24cxx.o(.text)
    Write24CxxData                           0x000013e1   Thumb Code   134  24cxx.o(.text)
    Read24CxxData                            0x00001595   Thumb Code    44  24cxx.o(.text)
    InitI2CMaster                            0x000015c5   Thumb Code    98  i2c.o(.text)
    I2C_Start                                0x00001627   Thumb Code    32  i2c.o(.text)
    I2C_SendByte                             0x00001647   Thumb Code    40  i2c.o(.text)
    I2C_Stop                                 0x0000166f   Thumb Code    22  i2c.o(.text)
    I2C_GetByte                              0x00001685   Thumb Code    40  i2c.o(.text)
    eeprom_init                              0x000016ad   Thumb Code    62  eeprom.o(.text)
    eeprom_write                             0x000016eb   Thumb Code    58  eeprom.o(.text)
    eeprom_read                              0x00001725   Thumb Code    58  eeprom.o(.text)
    rt_system_tick_init                      0x000017b1   Thumb Code     2  clock.o(.text)
    rt_tick_get                              0x000017b3   Thumb Code     6  clock.o(.text)
    rt_tick_set                              0x000017b9   Thumb Code    22  clock.o(.text)
    rt_tick_increase                         0x000017cf   Thumb Code    42  clock.o(.text)
    rt_tick_from_millisecond                 0x000017f9   Thumb Code    22  clock.o(.text)
    rt_device_find                           0x00001815   Thumb Code    76  device.o(.text)
    rt_device_register                       0x00001861   Thumb Code    50  device.o(.text)
    rt_device_unregister                     0x00001893   Thumb Code    44  device.o(.text)
    rt_device_init_all                       0x000018bf   Thumb Code    74  device.o(.text)
    rt_device_init                           0x00001909   Thumb Code    82  device.o(.text)
    rt_device_open                           0x0000195b   Thumb Code   172  device.o(.text)
    rt_device_close                          0x00001a07   Thumb Code    88  device.o(.text)
    rt_device_read                           0x00001a5f   Thumb Code    90  device.o(.text)
    rt_device_write                          0x00001ab9   Thumb Code    90  device.o(.text)
    rt_device_control                        0x00001b13   Thumb Code    60  device.o(.text)
    rt_device_set_rx_indicate                0x00001b4f   Thumb Code    44  device.o(.text)
    rt_device_set_tx_complete                0x00001b7b   Thumb Code    44  device.o(.text)
    rt_thread_idle_excute                    0x00001c4d   Thumb Code   176  idle.o(.text)
    rt_thread_idle_init                      0x00001d05   Thumb Code    38  idle.o(.text)
    rt_sem_init                              0x00001e4d   Thumb Code    64  ipc.o(.text)
    rt_sem_detach                            0x00001e8d   Thumb Code    52  ipc.o(.text)
    rt_sem_create                            0x00001ec1   Thumb Code   102  ipc.o(.text)
    rt_sem_delete                            0x00001f27   Thumb Code   114  ipc.o(.text)
    rt_sem_take                              0x00001f99   Thumb Code   290  ipc.o(.text)
    rt_sem_trytake                           0x000020bb   Thumb Code    14  ipc.o(.text)
    rt_sem_release                           0x000020c9   Thumb Code    62  ipc.o(.text)
    rt_sem_control                           0x00002107   Thumb Code    86  ipc.o(.text)
    rt_mq_init                               0x0000215d   Thumb Code   136  ipc.o(.text)
    rt_mq_detach                             0x000021e5   Thumb Code    54  ipc.o(.text)
    rt_mq_delete                             0x0000221b   Thumb Code   326  ipc.o(.text)
    rt_mq_create                             0x00002361   Thumb Code   194  ipc.o(.text)
    rt_mq_send                               0x00002423   Thumb Code   244  ipc.o(.text)
    rt_mq_urgent                             0x00002517   Thumb Code   236  ipc.o(.text)
    rt_mq_recv                               0x00002603   Thumb Code   550  ipc.o(.text)
    rt_mq_control                            0x00002829   Thumb Code   118  ipc.o(.text)
    rt_interrupt_enter                       0x000028dd   Thumb Code    30  irq.o(.text)
    rt_interrupt_leave                       0x000028fb   Thumb Code    30  irq.o(.text)
    rt_interrupt_get_nest                    0x00002919   Thumb Code     6  irq.o(.text)
    rt_get_errno                             0x00002925   Thumb Code    32  kservice.o(.text)
    rt_set_errno                             0x00002945   Thumb Code    36  kservice.o(.text)
    _rt_errno                                0x00002969   Thumb Code    30  kservice.o(.text)
    rt_memset                                0x00002987   Thumb Code    74  kservice.o(.text)
    rt_memcpy                                0x000029d1   Thumb Code   120  kservice.o(.text)
    rt_memmove                               0x00002a49   Thumb Code    66  kservice.o(.text)
    rt_memcmp                                0x00002a8b   Thumb Code    38  kservice.o(.text)
    rt_strlen                                0x00002ab1   Thumb Code    18  kservice.o(.text)
    rt_strstr                                0x00002ac3   Thumb Code    58  kservice.o(.text)
    rt_strcasecmp                            0x00002afd   Thumb Code    48  kservice.o(.text)
    rt_strncpy                               0x00002b2d   Thumb Code    52  kservice.o(.text)
    rt_strncmp                               0x00002b61   Thumb Code    40  kservice.o(.text)
    rt_strcmp                                0x00002b89   Thumb Code    36  kservice.o(.text)
    rt_strdup                                0x00002bad   Thumb Code    40  kservice.o(.text)
    rt_hw_console_output                     0x00002bd5   Thumb Code     2  kservice.o(.text)
    rt_vsnprintf                             0x00002d71   Thumb Code   806  kservice.o(.text)
    rt_kprintf                               0x00003097   Thumb Code    96  kservice.o(.text)
    rt_show_version                          0x000030f7   Thumb Code    38  kservice.o(.text)
    rt_snprintf                              0x0000311d   Thumb Code    38  kservice.o(.text)
    rt_vsprintf                              0x00003143   Thumb Code    22  kservice.o(.text)
    rt_sprintf                               0x00003159   Thumb Code    34  kservice.o(.text)
    rt_console_get_device                    0x0000317b   Thumb Code     6  kservice.o(.text)
    rt_console_set_device                    0x00003181   Thumb Code    48  kservice.o(.text)
    rt_malloc_align                          0x000031b1   Thumb Code    66  kservice.o(.text)
    rt_free_align                            0x000031f3   Thumb Code    16  kservice.o(.text)
    rt_system_heap_init                      0x00003373   Thumb Code   222  mem.o(.text)
    rt_malloc                                0x00003451   Thumb Code   906  mem.o(.text)
    rt_free                                  0x000037db   Thumb Code   328  mem.o(.text)
    rt_realloc                               0x00003923   Thumb Code   330  mem.o(.text)
    rt_calloc                                0x00003a6d   Thumb Code    98  mem.o(.text)
    rt_memory_info                           0x00003acf   Thumb Code    26  mem.o(.text)
    rt_system_object_init                    0x00003bbd   Thumb Code     2  object.o(.text)
    rt_object_get_information                0x00003bbf   Thumb Code    10  object.o(.text)
    rt_object_init                           0x00003bc9   Thumb Code    58  object.o(.text)
    rt_object_detach                         0x00003c03   Thumb Code    56  object.o(.text)
    rt_object_allocate                       0x00003c3b   Thumb Code   132  object.o(.text)
    rt_object_delete                         0x00003cbf   Thumb Code   102  object.o(.text)
    rt_object_is_systemobject                0x00003d25   Thumb Code    52  object.o(.text)
    rt_object_find                           0x00003d59   Thumb Code   110  object.o(.text)
    rt_system_scheduler_init                 0x00003ecd   Thumb Code    56  scheduler.o(.text)
    rt_system_scheduler_start                0x00003f05   Thumb Code    36  scheduler.o(.text)
    rt_schedule                              0x00003f29   Thumb Code   112  scheduler.o(.text)
    rt_schedule_insert_thread                0x00003f99   Thumb Code   100  scheduler.o(.text)
    rt_schedule_remove_thread                0x00003ffd   Thumb Code   112  scheduler.o(.text)
    rt_enter_critical                        0x0000406d   Thumb Code    28  scheduler.o(.text)
    rt_exit_critical                         0x00004089   Thumb Code    54  scheduler.o(.text)
    rt_critical_level                        0x000040bf   Thumb Code     8  scheduler.o(.text)
    rt_thread_timeout                        0x000041e9   Thumb Code   102  thread.o(.text)
    rt_thread_init                           0x000042f3   Thumb Code   110  thread.o(.text)
    rt_thread_self                           0x00004361   Thumb Code     6  thread.o(.text)
    rt_thread_resume                         0x00004367   Thumb Code    96  thread.o(.text)
    rt_thread_startup                        0x000043c7   Thumb Code   116  thread.o(.text)
    rt_thread_detach                         0x0000443b   Thumb Code    90  thread.o(.text)
    rt_thread_create                         0x00004495   Thumb Code    80  thread.o(.text)
    rt_thread_delete                         0x000044e5   Thumb Code    82  thread.o(.text)
    rt_thread_yield                          0x00004537   Thumb Code   316  thread.o(.text)
    rt_thread_suspend                        0x00004673   Thumb Code    98  thread.o(.text)
    rt_thread_sleep                          0x000046d5   Thumb Code    98  thread.o(.text)
    rt_thread_delay                          0x00004737   Thumb Code    12  thread.o(.text)
    rt_thread_control                        0x00004743   Thumb Code   146  thread.o(.text)
    rt_thread_find                           0x000047d5   Thumb Code    76  thread.o(.text)
    rt_timer_dump                            0x000048f3   Thumb Code    46  timer.o(.text)
    rt_timer_init                            0x00004921   Thumb Code    76  timer.o(.text)
    rt_timer_detach                          0x0000496d   Thumb Code    62  timer.o(.text)
    rt_timer_create                          0x000049ab   Thumb Code    54  timer.o(.text)
    rt_timer_delete                          0x000049e1   Thumb Code    64  timer.o(.text)
    rt_timer_start                           0x00004a21   Thumb Code   352  timer.o(.text)
    rt_timer_stop                            0x00004b81   Thumb Code    80  timer.o(.text)
    rt_timer_control                         0x00004bd1   Thumb Code    94  timer.o(.text)
    rt_timer_check                           0x00004c2f   Thumb Code   130  timer.o(.text)
    rt_timer_next_timeout_tick               0x00004cb1   Thumb Code    10  timer.o(.text)
    rt_soft_timer_check                      0x00004cbb   Thumb Code   254  timer.o(.text)
    rt_system_timer_init                     0x00004dff   Thumb Code    24  timer.o(.text)
    rt_system_timer_thread_init              0x00004e17   Thumb Code    58  timer.o(.text)
    rt_hw_stack_init                         0x00004e85   Thumb Code    70  cpuport.o(.text)
    rt_hw_exception_install                  0x00004ecb   Thumb Code     6  cpuport.o(.text)
    rt_hw_hard_fault_exception               0x00004ed1   Thumb Code   190  cpuport.o(.text)
    rt_hw_cpu_shutdown                       0x00004f8f   Thumb Code    38  cpuport.o(.text)
    rt_hw_interrupt_disable                  0x00005131   Thumb Code     8  context_rvds.o(.text)
    rt_hw_interrupt_enable                   0x00005139   Thumb Code     6  context_rvds.o(.text)
    rt_hw_context_switch                     0x0000513f   Thumb Code    32  context_rvds.o(.text)
    rt_hw_context_switch_interrupt           0x0000513f   Thumb Code     0  context_rvds.o(.text)
    PendSV_Handler                           0x0000515f   Thumb Code    60  context_rvds.o(.text)
    rt_hw_context_switch_to                  0x0000519b   Thumb Code    56  context_rvds.o(.text)
    rt_hw_interrupt_thread_switch            0x000051d3   Thumb Code     4  context_rvds.o(.text)
    HardFault_Handler                        0x000051d7   Thumb Code    46  context_rvds.o(.text)
    Reset_Handler                            0x0000521d   Thumb Code     8  startup_lpc17xx.o(.text)
    NMI_Handler                              0x00005225   Thumb Code     2  startup_lpc17xx.o(.text)
    MemManage_Handler                        0x00005229   Thumb Code     2  startup_lpc17xx.o(.text)
    BusFault_Handler                         0x0000522b   Thumb Code     2  startup_lpc17xx.o(.text)
    UsageFault_Handler                       0x0000522d   Thumb Code     2  startup_lpc17xx.o(.text)
    SVC_Handler                              0x0000522f   Thumb Code     2  startup_lpc17xx.o(.text)
    DebugMon_Handler                         0x00005231   Thumb Code     2  startup_lpc17xx.o(.text)
    ADC_IRQHandler                           0x00005237   Thumb Code     0  startup_lpc17xx.o(.text)
    BOD_IRQHandler                           0x00005237   Thumb Code     0  startup_lpc17xx.o(.text)
    CANActivity_IRQHandler                   0x00005237   Thumb Code     0  startup_lpc17xx.o(.text)
    CAN_IRQHandler                           0x00005237   Thumb Code     0  startup_lpc17xx.o(.text)
    DMA_IRQHandler                           0x00005237   Thumb Code     0  startup_lpc17xx.o(.text)
    EINT0_IRQHandler                         0x00005237   Thumb Code     0  startup_lpc17xx.o(.text)
    EINT1_IRQHandler                         0x00005237   Thumb Code     0  startup_lpc17xx.o(.text)
    EINT2_IRQHandler                         0x00005237   Thumb Code     0  startup_lpc17xx.o(.text)
    EINT3_IRQHandler                         0x00005237   Thumb Code     0  startup_lpc17xx.o(.text)
    ENET_IRQHandler                          0x00005237   Thumb Code     0  startup_lpc17xx.o(.text)
    I2C0_IRQHandler                          0x00005237   Thumb Code     0  startup_lpc17xx.o(.text)
    I2C1_IRQHandler                          0x00005237   Thumb Code     0  startup_lpc17xx.o(.text)
    I2C2_IRQHandler                          0x00005237   Thumb Code     0  startup_lpc17xx.o(.text)
    I2S_IRQHandler                           0x00005237   Thumb Code     0  startup_lpc17xx.o(.text)
    MCPWM_IRQHandler                         0x00005237   Thumb Code     0  startup_lpc17xx.o(.text)
    PLL0_IRQHandler                          0x00005237   Thumb Code     0  startup_lpc17xx.o(.text)
    PLL1_IRQHandler                          0x00005237   Thumb Code     0  startup_lpc17xx.o(.text)
    PWM1_IRQHandler                          0x00005237   Thumb Code     0  startup_lpc17xx.o(.text)
    QEI_IRQHandler                           0x00005237   Thumb Code     0  startup_lpc17xx.o(.text)
    RIT_IRQHandler                           0x00005237   Thumb Code     0  startup_lpc17xx.o(.text)
    RTC_IRQHandler                           0x00005237   Thumb Code     0  startup_lpc17xx.o(.text)
    SPI_IRQHandler                           0x00005237   Thumb Code     0  startup_lpc17xx.o(.text)
    SSP0_IRQHandler                          0x00005237   Thumb Code     0  startup_lpc17xx.o(.text)
    SSP1_IRQHandler                          0x00005237   Thumb Code     0  startup_lpc17xx.o(.text)
    TIMER0_IRQHandler                        0x00005237   Thumb Code     0  startup_lpc17xx.o(.text)
    TIMER1_IRQHandler                        0x00005237   Thumb Code     0  startup_lpc17xx.o(.text)
    TIMER2_IRQHandler                        0x00005237   Thumb Code     0  startup_lpc17xx.o(.text)
    TIMER3_IRQHandler                        0x00005237   Thumb Code     0  startup_lpc17xx.o(.text)
    UART0_IRQHandler                         0x00005237   Thumb Code     0  startup_lpc17xx.o(.text)
    UART2_IRQHandler                         0x00005237   Thumb Code     0  startup_lpc17xx.o(.text)
    USBActivity_IRQHandler                   0x00005237   Thumb Code     0  startup_lpc17xx.o(.text)
    USB_IRQHandler                           0x00005237   Thumb Code     0  startup_lpc17xx.o(.text)
    WDT_IRQHandler                           0x00005237   Thumb Code     0  startup_lpc17xx.o(.text)
    SystemCoreClockUpdate                    0x00005241   Thumb Code   312  system_lpc17xx.o(.text)
    SystemInit                               0x00005379   Thumb Code   186  system_lpc17xx.o(.text)
    ADC_Init                                 0x00005475   Thumb Code    52  lpc17xx_adc.o(.text)
    ADC_DeInit                               0x000054a9   Thumb Code    24  lpc17xx_adc.o(.text)
    ADC_GetData                              0x000054c1   Thumb Code    14  lpc17xx_adc.o(.text)
    ADC_StartCmd                             0x000054cf   Thumb Code    18  lpc17xx_adc.o(.text)
    ADC_BurstCmd                             0x000054e1   Thumb Code    20  lpc17xx_adc.o(.text)
    ADC_PowerdownCmd                         0x000054f5   Thumb Code    20  lpc17xx_adc.o(.text)
    ADC_EdgeStartConfig                      0x00005509   Thumb Code    20  lpc17xx_adc.o(.text)
    ADC_IntConfig                            0x0000551d   Thumb Code    26  lpc17xx_adc.o(.text)
    ADC_ChannelCmd                           0x00005537   Thumb Code    30  lpc17xx_adc.o(.text)
    ADC_ChannelGetData                       0x00005555   Thumb Code    16  lpc17xx_adc.o(.text)
    ADC_ChannelGetStatus                     0x00005565   Thumb Code    36  lpc17xx_adc.o(.text)
    ADC_GlobalGetData                        0x00005589   Thumb Code     6  lpc17xx_adc.o(.text)
    ADC_GlobalGetStatus                      0x0000558f   Thumb Code    28  lpc17xx_adc.o(.text)
    CLKPWR_SetPCLKDiv                        0x000055b1   Thumb Code   106  lpc17xx_clkpwr.o(.text)
    CLKPWR_GetPCLKSEL                        0x0000561b   Thumb Code    32  lpc17xx_clkpwr.o(.text)
    CLKPWR_GetPCLK                           0x0000563b   Thumb Code    58  lpc17xx_clkpwr.o(.text)
    CLKPWR_ConfigPPWR                        0x00005675   Thumb Code    50  lpc17xx_clkpwr.o(.text)
    CLKPWR_Sleep                             0x000056a7   Thumb Code    10  lpc17xx_clkpwr.o(.text)
    CLKPWR_DeepSleep                         0x000056b1   Thumb Code    16  lpc17xx_clkpwr.o(.text)
    CLKPWR_PowerDown                         0x000056c1   Thumb Code    16  lpc17xx_clkpwr.o(.text)
    CLKPWR_DeepPowerDown                     0x000056d1   Thumb Code    16  lpc17xx_clkpwr.o(.text)
    I2C_Init                                 0x00005811   Thumb Code    96  lpc17xx_i2c.o(.text)
    I2C_DeInit                               0x00005871   Thumb Code    60  lpc17xx_i2c.o(.text)
    I2C_Cmd                                  0x000058ad   Thumb Code    26  lpc17xx_i2c.o(.text)
    I2C_IntCmd                               0x000058c7   Thumb Code    92  lpc17xx_i2c.o(.text)
    I2C_MasterHanleStates                    0x00005923   Thumb Code   382  lpc17xx_i2c.o(.text)
    I2C_SlaveHanleStates                     0x00005aa1   Thumb Code   312  lpc17xx_i2c.o(.text)
    I2C_MasterHandler                        0x00005bd9   Thumb Code   144  lpc17xx_i2c.o(.text)
    I2C_SlaveHandler                         0x00005c69   Thumb Code   148  lpc17xx_i2c.o(.text)
    I2C_MasterTransferData                   0x00005cfd   Thumb Code   214  lpc17xx_i2c.o(.text)
    I2C_SlaveTransferData                    0x00005dd3   Thumb Code   206  lpc17xx_i2c.o(.text)
    I2C_SetOwnSlaveAddr                      0x00005ea1   Thumb Code    90  lpc17xx_i2c.o(.text)
    I2C_MonitorModeConfig                    0x00005efb   Thumb Code    26  lpc17xx_i2c.o(.text)
    I2C_MonitorModeCmd                       0x00005f15   Thumb Code    42  lpc17xx_i2c.o(.text)
    I2C_MonitorGetDatabuffer                 0x00005f3f   Thumb Code     8  lpc17xx_i2c.o(.text)
    I2C_MonitorHandler                       0x00005f47   Thumb Code    40  lpc17xx_i2c.o(.text)
    I2C_MasterTransferComplete               0x00005f6f   Thumb Code    30  lpc17xx_i2c.o(.text)
    I2C_SlaveTransferComplete                0x00005f8d   Thumb Code    30  lpc17xx_i2c.o(.text)
    PINSEL_ConfigTraceFunc                   0x0000608f   Thumb Code    34  lpc17xx_pinsel.o(.text)
    PINSEL_SetI2C0Pins                       0x000060b1   Thumb Code    16  lpc17xx_pinsel.o(.text)
    PINSEL_ConfigPin                         0x000060c1   Thumb Code    36  lpc17xx_pinsel.o(.text)
    PWM_GetIntStatus                         0x000060e9   Thumb Code    16  lpc17xx_pwm.o(.text)
    PWM_ClearIntPending                      0x000060f9   Thumb Code     4  lpc17xx_pwm.o(.text)
    PWM_ConfigStructInit                     0x000060fd   Thumb Code    30  lpc17xx_pwm.o(.text)
    PWM_Init                                 0x0000611b   Thumb Code   130  lpc17xx_pwm.o(.text)
    PWM_DeInit                               0x0000619d   Thumb Code    18  lpc17xx_pwm.o(.text)
    PWM_Cmd                                  0x000061af   Thumb Code    24  lpc17xx_pwm.o(.text)
    PWM_CounterCmd                           0x000061c7   Thumb Code    24  lpc17xx_pwm.o(.text)
    PWM_ResetCounter                         0x000061df   Thumb Code    18  lpc17xx_pwm.o(.text)
    PWM_ConfigMatch                          0x000061f1   Thumb Code   172  lpc17xx_pwm.o(.text)
    PWM_ConfigCapture                        0x0000629d   Thumb Code   172  lpc17xx_pwm.o(.text)
    PWM_GetCaptureValue                      0x00006349   Thumb Code    22  lpc17xx_pwm.o(.text)
    PWM_MatchUpdate                          0x0000635f   Thumb Code    88  lpc17xx_pwm.o(.text)
    PWM_ChannelConfig                        0x000063b7   Thumb Code    58  lpc17xx_pwm.o(.text)
    PWM_ChannelCmd                           0x000063f1   Thumb Code    72  lpc17xx_pwm.o(.text)
    UART_Init                                0x000065b3   Thumb Code   330  lpc17xx_uart.o(.text)
    UART_TxCmd                               0x000066fd   Thumb Code    68  lpc17xx_uart.o(.text)
    UART_DeInit                              0x00006741   Thumb Code    44  lpc17xx_uart.o(.text)
    UART_ConfigStructInit                    0x0000676d   Thumb Code    18  lpc17xx_uart.o(.text)
    UART_SendByte                            0x0000677f   Thumb Code    14  lpc17xx_uart.o(.text)
    UART_ReceiveByte                         0x0000678d   Thumb Code    16  lpc17xx_uart.o(.text)
    UART_Send                                0x0000679d   Thumb Code   146  lpc17xx_uart.o(.text)
    UART_Receive                             0x0000682f   Thumb Code   132  lpc17xx_uart.o(.text)
    UART_ForceBreak                          0x000068b3   Thumb Code    26  lpc17xx_uart.o(.text)
    UART_IntConfig                           0x000068cd   Thumb Code   114  lpc17xx_uart.o(.text)
    UART_GetLineStatus                       0x0000693f   Thumb Code    16  lpc17xx_uart.o(.text)
    UART_GetIntId                            0x0000694f   Thumb Code    12  lpc17xx_uart.o(.text)
    UART_CheckBusy                           0x0000695b   Thumb Code    18  lpc17xx_uart.o(.text)
    UART_FIFOConfig                          0x0000696d   Thumb Code   104  lpc17xx_uart.o(.text)
    UART_FIFOConfigStructInit                0x000069d5   Thumb Code    14  lpc17xx_uart.o(.text)
    UART_ABCmd                               0x000069e3   Thumb Code   126  lpc17xx_uart.o(.text)
    UART_ABClearIntPending                   0x00006a61   Thumb Code    22  lpc17xx_uart.o(.text)
    UART_IrDAInvtInputCmd                    0x00006a77   Thumb Code    34  lpc17xx_uart.o(.text)
    UART_IrDACmd                             0x00006a99   Thumb Code    32  lpc17xx_uart.o(.text)
    UART_IrDAPulseDivConfig                  0x00006ab9   Thumb Code    30  lpc17xx_uart.o(.text)
    UART_FullModemForcePinState              0x00006ad7   Thumb Code    48  lpc17xx_uart.o(.text)
    UART_FullModemConfigMode                 0x00006b07   Thumb Code    56  lpc17xx_uart.o(.text)
    UART_FullModemGetStatus                  0x00006b3f   Thumb Code     6  lpc17xx_uart.o(.text)
    UART_RS485Config                         0x00006b45   Thumb Code    92  lpc17xx_uart.o(.text)
    UART_RS485ReceiverCmd                    0x00006ba1   Thumb Code    32  lpc17xx_uart.o(.text)
    UART_RS485Send                           0x00006bc1   Thumb Code    84  lpc17xx_uart.o(.text)
    UART_RS485SendSlvAddr                    0x00006c15   Thumb Code    18  lpc17xx_uart.o(.text)
    UART_RS485SendData                       0x00006c27   Thumb Code    22  lpc17xx_uart.o(.text)
    UART1_IRQHandler                         0x00006c41   Thumb Code   132  console_uart.o(.text)
    rt_console_uart_init                     0x00006ef1   Thumb Code    68  console_uart.o(.text)
    dev_adc_init                             0x000071ff   Thumb Code    44  dev_adc.o(.text)
    dev_relay_init                           0x00007333   Thumb Code    48  dev_relay.o(.text)
    dev_switch_init                          0x000074e1   Thumb Code    48  dev_switch.o(.text)
    dev_pwm_init                             0x00007839   Thumb Code    48  dev_pwm.o(.text)
    UART3_IRQHandler                         0x00007921   Thumb Code    16  dev_uart.o(.text)
    dev_uart_init                            0x00007ba1   Thumb Code    72  dev_uart.o(.text)
    dev_eeprom_init                          0x00007cc9   Thumb Code    46  dev_eeprom.o(.text)
    start_com_thread                         0x000084cb   Thumb Code   124  com_thread.o(.text)
    adc_to_voltage_val                       0x00008605   Thumb Code    74  work_thread.o(.text)
    adc_to_current_val                       0x0000864f   Thumb Code   106  work_thread.o(.text)
    adc_to_ac_val                            0x000086b9   Thumb Code   112  work_thread.o(.text)
    start_work_thread                        0x0000a51d   Thumb Code    66  work_thread.o(.text)
    __aeabi_uldivmod                         0x0000a5ad   Thumb Code    98  uldiv.o(.text)
    __aeabi_memcpy                           0x0000a60f   Thumb Code    36  memcpya.o(.text)
    __aeabi_memcpy4                          0x0000a60f   Thumb Code     0  memcpya.o(.text)
    __aeabi_memcpy8                          0x0000a60f   Thumb Code     0  memcpya.o(.text)
    __aeabi_llsl                             0x0000a633   Thumb Code    30  llshl.o(.text)
    _ll_shift_l                              0x0000a633   Thumb Code     0  llshl.o(.text)
    __aeabi_llsr                             0x0000a651   Thumb Code    32  llushr.o(.text)
    _ll_ushift_r                             0x0000a651   Thumb Code     0  llushr.o(.text)
    __scatterload                            0x0000a671   Thumb Code    28  init.o(.text)
    __scatterload_rt2                        0x0000a671   Thumb Code     0  init.o(.text)
    __scatterload_copy                       0x0000a695   Thumb Code    14  handlers.o(i.__scatterload_copy)
    __scatterload_zeroinit                   0x0000a6a3   Thumb Code    14  handlers.o(i.__scatterload_zeroinit)
    s_default_parameter                      0x0000a6d9   Data          16  parameter.o(.constdata)
    Region$$Table$$Base                      0x0000b050   Number         0  anon$$obj.o(Region$$Table)
    Region$$Table$$Limit                     0x0000b070   Number         0  anon$$obj.o(Region$$Table)
    g_sem_test_content                       0x10000000   Data           4  global.o(.data)
    g_test_cmd_queue                         0x10000004   Data           4  global.o(.data)
    rt_interrupt_nest                        0x10000034   Data           1  irq.o(.data)
    rt_object_container                      0x10000058   Data          80  object.o(.data)
    rt_current_thread                        0x100000ac   Data           4  scheduler.o(.data)
    rt_current_priority                      0x100000b0   Data           1  scheduler.o(.data)
    rt_thread_ready_priority_group           0x100000b4   Data           4  scheduler.o(.data)
    rt_thread_defunct                        0x100000b8   Data           8  scheduler.o(.data)
    rt_interrupt_from_thread                 0x100000d8   Data           4  cpuport.o(.data)
    rt_interrupt_to_thread                   0x100000dc   Data           4  cpuport.o(.data)
    rt_thread_switch_interrupt_flag          0x100000e0   Data           4  cpuport.o(.data)
    SystemCoreClock                          0x100000e4   Data           4  system_lpc17xx.o(.data)
    g_test_content                           0x100000f8   Data          16  global.o(.bss)
    g_over_current_test_result               0x10000108   Data          12  global.o(.bss)
    g_parameter_struct                       0x10000114   Data          24  parameter.o(.bss)
    rt_thread_priority_table                 0x1000036c   Data         256  scheduler.o(.bss)
    __initial_sp                             0x10000b80   Data           0  startup_lpc17xx.o(STACK)



==============================================================================

Memory Map of the image

  Image Entry point : 0x000000cd

  Load Region LR_IROM1 (Base: 0x00000000, Size: 0x0000b168, Max: 0x00020000, ABSOLUTE)

    Execution Region ER_IROM1 (Base: 0x00000000, Size: 0x0000b070, Max: 0x00020000, ABSOLUTE)

    Base Addr    Size         Type   Attr      Idx    E Section Name        Object

    0x00000000   0x000000cc   Data   RO          689    RESET               startup_lpc17xx.o
    0x000000cc   0x00000000   Code   RO         1339  * .ARM.Collect$$$$00000000  mc_w.l(entry.o)
    0x000000cc   0x00000004   Code   RO         1352    .ARM.Collect$$$$00000001  mc_w.l(entry2.o)
    0x000000d0   0x00000004   Code   RO         1355    .ARM.Collect$$$$00000004  mc_w.l(entry5.o)
    0x000000d4   0x00000000   Code   RO         1357    .ARM.Collect$$$$00000008  mc_w.l(entry7b.o)
    0x000000d4   0x00000000   Code   RO         1359    .ARM.Collect$$$$0000000A  mc_w.l(entry8b.o)
    0x000000d4   0x00000008   Code   RO         1360    .ARM.Collect$$$$0000000B  mc_w.l(entry9a.o)
    0x000000dc   0x00000000   Code   RO         1362    .ARM.Collect$$$$0000000D  mc_w.l(entry10a.o)
    0x000000dc   0x00000000   Code   RO         1364    .ARM.Collect$$$$0000000F  mc_w.l(entry11a.o)
    0x000000dc   0x00000004   Code   RO         1353    .ARM.Collect$$$$00002712  mc_w.l(entry2.o)
    0x000000e0   0x00000010   Code   RO          629    .emb_text           cpuport.o
    0x000000f0   0x000000c0   Code   RO            1    .text               application.o
    0x000001b0   0x00000002   Code   RO           87    .text               platform.o
    0x000001b2   0x00000002   PAD
    0x000001b4   0x00000044   Code   RO           99    .text               startup.o
    0x000001f8   0x00000100   Code   RO          130    .text               global.o
    0x000002f8   0x00000002   Code   RO         1378    i.__scatterload_null  mc_w.l(handlers.o)
    0x000002fa   0x00000002   PAD
    0x000002fc   0x00000004   Code   RO          690    .ARM.__at_0x02FC    startup_lpc17xx.o
    0x00000300   0x00000240   Code   RO          118    .text               packet.o
    0x00000540   0x0000007c   Code   RO          150    .text               parameter.o
    0x000005bc   0x000000b4   Code   RO          170    .text               board.o
    0x00000670   0x0000019c   Code   RO          215    .text               meter.o
    0x0000080c   0x000001cc   Code   RO          236    .text               relay.o
    0x000009d8   0x0000012c   Code   RO          257    .text               switch.o
    0x00000b04   0x0000019c   Code   RO          278    .text               control.o
    0x00000ca0   0x00000428   Code   RO          299    .text               com_port.o
    0x000010c8   0x000004fc   Code   RO          328    .text               24cxx.o
    0x000015c4   0x000000e8   Code   RO          366    .text               i2c.o
    0x000016ac   0x00000104   Code   RO          397    .text               eeprom.o
    0x000017b0   0x00000064   Code   RO          418    .text               clock.o
    0x00001814   0x00000438   Code   RO          432    .text               device.o
    0x00001c4c   0x00000154   Code   RO          446    .text               idle.o
    0x00001da0   0x00000b3c   Code   RO          465    .text               ipc.o
    0x000028dc   0x00000048   Code   RO          481    .text               irq.o
    0x00002924   0x00000978   Code   RO          496    .text               kservice.o
    0x0000329c   0x00000900   Code   RO          512    .text               mem.o
    0x00003b9c   0x000002d0   Code   RO          546    .text               object.o
    0x00003e6c   0x00000310   Code   RO          566    .text               scheduler.o
    0x0000417c   0x000006b8   Code   RO          593    .text               thread.o
    0x00004834   0x00000650   Code   RO          610    .text               timer.o
    0x00004e84   0x000002ac   Code   RO          630    .text               cpuport.o
    0x00005130   0x000000ec   Code   RO          683    .text               context_rvds.o
    0x0000521c   0x00000024   Code   RO          691    .text               startup_lpc17xx.o
    0x00005240   0x00000234   Code   RO          698    .text               system_lpc17xx.o
    0x00005474   0x0000013c   Code   RO          753    .text               lpc17xx_adc.o
    0x000055b0   0x00000150   Code   RO          785    .text               lpc17xx_clkpwr.o
    0x00005700   0x000008e8   Code   RO          869    .text               lpc17xx_i2c.o
    0x00005fe8   0x00000100   Code   RO          965    .text               lpc17xx_pinsel.o
    0x000060e8   0x00000358   Code   RO          981    .text               lpc17xx_pwm.o
    0x00006440   0x00000800   Code   RO         1097    .text               lpc17xx_uart.o
    0x00006c40   0x00000368   Code   RO         1126    .text               console_uart.o
    0x00006fa8   0x000002ac   Code   RO         1149    .text               dev_adc.o
    0x00007254   0x00000140   Code   RO         1170    .text               dev_relay.o
    0x00007394   0x000001b4   Code   RO         1198    .text               dev_switch.o
    0x00007548   0x00000348   Code   RO         1220    .text               dev_pwm.o
    0x00007890   0x000003d4   Code   RO         1241    .text               dev_uart.o
    0x00007c64   0x000000b4   Code   RO         1265    .text               dev_eeprom.o
    0x00007d18   0x000008ec   Code   RO         1285    .text               com_thread.o
    0x00008604   0x00001fa8   Code   RO         1320    .text               work_thread.o
    0x0000a5ac   0x00000062   Code   RO         1342    .text               mc_w.l(uldiv.o)
    0x0000a60e   0x00000024   Code   RO         1344    .text               mc_w.l(memcpya.o)
    0x0000a632   0x0000001e   Code   RO         1366    .text               mc_w.l(llshl.o)
    0x0000a650   0x00000020   Code   RO         1368    .text               mc_w.l(llushr.o)
    0x0000a670   0x00000024   Code   RO         1373    .text               mc_w.l(init.o)
    0x0000a694   0x0000000e   Code   RO         1377    i.__scatterload_copy  mc_w.l(handlers.o)
    0x0000a6a2   0x0000000e   Code   RO         1379    i.__scatterload_zeroinit  mc_w.l(handlers.o)
    0x0000a6b0   0x00000014   Data   RO            2    .constdata          application.o
    0x0000a6c4   0x00000015   Data   RO          132    .constdata          global.o
    0x0000a6d9   0x00000010   Data   RO          152    .constdata          parameter.o
    0x0000a6e9   0x00000095   Data   RO          216    .constdata          meter.o
    0x0000a77e   0x00000060   Data   RO          237    .constdata          relay.o
    0x0000a7de   0x0000003b   Data   RO          258    .constdata          switch.o
    0x0000a819   0x00000088   Data   RO          279    .constdata          control.o
    0x0000a8a1   0x00000033   Data   RO          301    .constdata          com_port.o
    0x0000a8d4   0x00000025   Data   RO          398    .constdata          eeprom.o
    0x0000a8f9   0x000000a8   Data   RO          433    .constdata          device.o
    0x0000a9a1   0x00000016   Data   RO          448    .constdata          idle.o
    0x0000a9b7   0x000000b4   Data   RO          466    .constdata          ipc.o
    0x0000aa6b   0x00000022   Data   RO          498    .constdata          kservice.o
    0x0000aa8d   0x00000003   PAD
    0x0000aa90   0x00000138   Data   RO          514    .constdata          mem.o
    0x0000abc8   0x0000005e   Data   RO          547    .constdata          object.o
    0x0000ac26   0x0000004e   Data   RO          568    .constdata          scheduler.o
    0x0000ac74   0x000000aa   Data   RO          594    .constdata          thread.o
    0x0000ad1e   0x0000005c   Data   RO          612    .constdata          timer.o
    0x0000ad7a   0x00000013   Data   RO          631    .constdata          cpuport.o
    0x0000ad8d   0x00000028   Data   RO         1128    .constdata          console_uart.o
    0x0000adb5   0x00000003   PAD
    0x0000adb8   0x00000018   Data   RO         1172    .constdata          dev_relay.o
    0x0000add0   0x00000020   Data   RO         1200    .constdata          dev_switch.o
    0x0000adf0   0x00000048   Data   RO         1243    .constdata          dev_uart.o
    0x0000ae38   0x0000009c   Data   RO         1286    .constdata          com_thread.o
    0x0000aed4   0x00000179   Data   RO         1322    .constdata          work_thread.o
    0x0000b04d   0x00000003   PAD
    0x0000b050   0x00000020   Data   RO         1375    Region$$Table       anon$$obj.o


    Execution Region RW_IRAM1 (Base: 0x10000000, Size: 0x00000b80, Max: 0x00004000, ABSOLUTE)

    Base Addr    Size         Type   Attr      Idx    E Section Name        Object

    0x10000000   0x00000008   Data   RW          133    .data               global.o
    0x10000008   0x00000004   Data   RW          217    .data               meter.o
    0x1000000c   0x00000004   Data   RW          238    .data               relay.o
    0x10000010   0x00000004   Data   RW          259    .data               switch.o
    0x10000014   0x00000004   Data   RW          280    .data               control.o
    0x10000018   0x00000014   Data   RW          302    .data               com_port.o
    0x1000002c   0x00000004   Data   RW          399    .data               eeprom.o
    0x10000030   0x00000004   Data   RW          419    .data               clock.o
    0x10000034   0x00000001   Data   RW          482    .data               irq.o
    0x10000035   0x00000003   PAD
    0x10000038   0x00000008   Data   RW          499    .data               kservice.o
    0x10000040   0x00000018   Data   RW          515    .data               mem.o
    0x10000058   0x00000050   Data   RW          548    .data               object.o
    0x100000a8   0x00000018   Data   RW          569    .data               scheduler.o
    0x100000c0   0x00000014   Data   RW          613    .data               timer.o
    0x100000d4   0x00000010   Data   RW          632    .data               cpuport.o
    0x100000e4   0x00000004   Data   RW          699    .data               system_lpc17xx.o
    0x100000e8   0x00000004   Data   RW          871    .data               lpc17xx_i2c.o
    0x100000ec   0x00000004   Data   RW         1287    .data               com_thread.o
    0x100000f0   0x00000008   Data   RW         1323    .data               work_thread.o
    0x100000f8   0x0000001c   Zero   RW          131    .bss                global.o
    0x10000114   0x00000018   Zero   RW          151    .bss                parameter.o
    0x1000012c   0x00000028   Zero   RW          300    .bss                com_port.o
    0x10000154   0x00000178   Zero   RW          447    .bss                idle.o
    0x100002cc   0x00000080   Zero   RW          497    .bss                kservice.o
    0x1000034c   0x00000020   Zero   RW          513    .bss                mem.o
    0x1000036c   0x00000100   Zero   RW          567    .bss                scheduler.o
    0x1000046c   0x00000278   Zero   RW          611    .bss                timer.o
    0x100006e4   0x00000030   Zero   RW          870    .bss                lpc17xx_i2c.o
    0x10000714   0x00000084   Zero   RW         1127    .bss                console_uart.o
    0x10000798   0x00000040   Zero   RW         1150    .bss                dev_adc.o
    0x100007d8   0x00000040   Zero   RW         1171    .bss                dev_relay.o
    0x10000818   0x00000040   Zero   RW         1199    .bss                dev_switch.o
    0x10000858   0x00000040   Zero   RW         1221    .bss                dev_pwm.o
    0x10000898   0x00000084   Zero   RW         1242    .bss                dev_uart.o
    0x1000091c   0x00000040   Zero   RW         1266    .bss                dev_eeprom.o
    0x1000095c   0x00000024   Zero   RW         1321    .bss                work_thread.o
    0x10000980   0x00000200   Zero   RW          687    STACK               startup_lpc17xx.o


==============================================================================

Image component sizes


      Code (inc. data)   RO Data    RW Data    ZI Data      Debug   Object Name

      1276         12          0          0          0      26638   24cxx.o
       192         60         20          0          0      16103   application.o
       180         22          0          0          0      35758   board.o
       100          6          0          4          0       1328   clock.o
      1064        152         51         20         40       5358   com_port.o
      2284        450        156          4          0       6035   com_thread.o
       872        116         40          0        132      19975   console_uart.o
       236         24          0          0          0        712   context_rvds.o
       412         90        136          4          0       1858   control.o
       700        380         19         16          0       3367   cpuport.o
         0          0          0          0          0       8912   debug_frmwrk.o
       684         60          0          0         64       3003   dev_adc.o
       180         34          0          0         64       2166   dev_eeprom.o
       840         46          0          0         64       3171   dev_pwm.o
       320         58         24          0         64       3009   dev_relay.o
       436         56         32          0         64       3258   dev_switch.o
       980        124         72          0        132       4249   dev_uart.o
      1080        166        168          0          0       5037   device.o
       260         82         37          4          0       1307   eeprom.o
       256        132         21          8         28       2895   global.o
       232          0          0          0          0       3492   i2c.o
       340        102         22          0        376       2404   idle.o
      2876        256        180          0          0      10192   ipc.o
        72          6          0          1          0       1206   irq.o
      2424        166         34          8        128      10361   kservice.o
       316          6          0          0          0       6580   lpc17xx_adc.o
       336         32          0          0          0       1775   lpc17xx_clkpwr.o
      2280         54          0          4         48      24885   lpc17xx_i2c.o
       256          4          0          0          0       2173   lpc17xx_pinsel.o
       856         16          0          0          0       8023   lpc17xx_pwm.o
      2048         32          0          0          0       9013   lpc17xx_uart.o
      2304        496        312         24         32       4848   mem.o
       412         90        149          4          0       1911   meter.o
       720        166         94         80          0       4429   object.o
       576          0          0          0          0       5976   packet.o
       124         14         16          0         24       1896   parameter.o
         2          0          0          0          0        368   platform.o
       460         98         96          4          0       1782   relay.o
       784        176         78         24        256       4280   scheduler.o
        68         10          0          0          0        576   startup.o
        40         12        204          0        512       1032   startup_lpc17xx.o
       300         86         59          4          0       1249   switch.o
       564         66          0          4          0        957   system_lpc17xx.o
      1720        246        170          0          0       7614   thread.o
      1616        166         92         20        632       7427   timer.o
      8104       1408        377          8         36       9224   work_thread.o

    ----------------------------------------------------------------------
     42184       5778       2700        248       2696     287812   Object Totals
         0          0         32          0          0          0   (incl. Generated)
         2          0          9          3          0          0   (incl. Padding)

    ----------------------------------------------------------------------

      Code (inc. data)   RO Data    RW Data    ZI Data      Debug   Library Member Name

         0          0          0          0          0          0   entry.o
         0          0          0          0          0          0   entry10a.o
         0          0          0          0          0          0   entry11a.o
         8          4          0          0          0          0   entry2.o
         4          0          0          0          0          0   entry5.o
         0          0          0          0          0          0   entry7b.o
         0          0          0          0          0          0   entry8b.o
         8          4          0          0          0          0   entry9a.o
        30          0          0          0          0          0   handlers.o
        36          8          0          0          0         68   init.o
        30          0          0          0          0         68   llshl.o
        32          0          0          0          0         68   llushr.o
        36          0          0          0          0         68   memcpya.o
        98          0          0          0          0         92   uldiv.o

    ----------------------------------------------------------------------
       284         16          0          0          0        364   Library Totals
         2          0          0          0          0          0   (incl. Padding)

    ----------------------------------------------------------------------

      Code (inc. data)   RO Data    RW Data    ZI Data      Debug   Library Name

       282         16          0          0          0        364   mc_w.l

    ----------------------------------------------------------------------
       284         16          0          0          0        364   Library Totals

    ----------------------------------------------------------------------

==============================================================================


      Code (inc. data)   RO Data    RW Data    ZI Data      Debug   

     42468       5794       2700        248       2696     284692   Grand Totals
     42468       5794       2700        248       2696     284692   ELF Image Totals
     42468       5794       2700        248          0          0   ROM Totals

==============================================================================

    Total RO  Size (Code + RO Data)                45168 (  44.11kB)
    Total RW  Size (RW Data + ZI Data)              2944 (   2.88kB)
    Total ROM Size (Code + RO Data + RW Data)      45416 (  44.35kB)

==============================================================================

